
     coordinates at iteration   0


ATOMIC_POSITIONS (angstrom)
Ba       0.000000000   0.000000000   0.000000000    0   0   0
Ti       2.000000000   2.000000000   1.940525216    0   0   1
O        2.000000000   2.000000000   0.183506832    0   0   1
O        2.000000000   0.000000000   2.216318307    0   0   1
O        0.000000000   2.000000000   2.216318307    0   0   1



     Subspace diagonalization in iterative solution of the eigenvalue problem:
     a serial algorithm will be used

 
     Parallelization info
     --------------------
     sticks:   dense  smooth     PW     G-vecs:    dense   smooth      PW
     Min         182      92     29                 4576     1618     291
     Max         183      93     30                 4577     1627     294
     Sum        1093     553    177                27457     9739    1759
 


     bravais-lattice index     =            0
     lattice parameter (alat)  =       7.5589  a.u.
     unit-cell volume          =     437.2921 (a.u.)^3
     number of atoms/cell      =            5
     number of atomic types    =            3
     number of electrons       =        40.00
     number of Kohn-Sham states=           20
     kinetic-energy cutoff     =      30.0000  Ry
     charge density cutoff     =     240.0000  Ry
     convergence threshold     =      1.0E-08
     mixing beta               =       0.3000
     number of iterations used =            8  plain     mixing
     Exchange-correlation      = SLA  PW   PBE  PBE ( 1  4  3  4 0 0)

     celldm(1)=   7.558905  celldm(2)=   0.000000  celldm(3)=   0.000000
     celldm(4)=   0.000000  celldm(5)=   0.000000  celldm(6)=   0.000000

     crystal axes: (cart. coord. in units of alat)
               a(1) = (   1.000000   0.000000   0.000000 )  
               a(2) = (   0.000000   1.000000   0.000000 )  
               a(3) = (   0.000000   0.000000   1.012500 )  

     reciprocal axes: (cart. coord. in units 2 pi/alat)
               b(1) = (  1.000000  0.000000  0.000000 )  
               b(2) = (  0.000000  1.000000  0.000000 )  
               b(3) = (  0.000000  0.000000  0.987654 )  


     PseudoPot. # 1 for Ba read from file:
     ./pseudo/ba_pbe_v1.uspp.F.UPF
     MD5 check sum: 3380f63c22b3abf76d74aa74136bb909
     Pseudo is Ultrasoft + core correction, Zval = 10.0
     Generated by new atomic code, or converted to UPF format
     Using radial grid of  907 points,  7 beta functions with: 
                l(1) =   0
                l(2) =   0
                l(3) =   1
                l(4) =   1
                l(5) =   2
                l(6) =   2
                l(7) =   3
     Q(r) pseudized with  6 coefficients,  rinner =    1.700   1.700   1.700
                                                       1.700   1.700   1.700
                                                       1.700

     PseudoPot. # 2 for O  read from file:
     ./pseudo/o_pbe_v1.2.uspp.F.UPF
     MD5 check sum: 734c27235a0248c51dbae37a1fbe46ec
     Pseudo is Ultrasoft + core correction, Zval =  6.0
     Generated by new atomic code, or converted to UPF format
     Using radial grid of  737 points,  5 beta functions with: 
                l(1) =   0
                l(2) =   0
                l(3) =   1
                l(4) =   1
                l(5) =   2
     Q(r) pseudized with  8 coefficients,  rinner =    0.900   0.900   0.900
                                                       0.900   0.900

     PseudoPot. # 3 for Ti read from file:
     ./pseudo/ti_pbe_v1.uspp.F.UPF
     MD5 check sum: bcc8f6961b3b91f0cac3ca967d22d0fb
     Pseudo is Ultrasoft + core correction, Zval = 12.0
     Generated by new atomic code, or converted to UPF format
     Using radial grid of  851 points,  6 beta functions with: 
                l(1) =   0
                l(2) =   0
                l(3) =   1
                l(4) =   1
                l(5) =   2
                l(6) =   2
     Q(r) pseudized with  6 coefficients,  rinner =    1.000   1.000   1.000
                                                       1.000   1.000

     atomic species   valence    mass     pseudopotential
        Ba            10.00   137.32700     Ba( 1.00)
        O              6.00    15.99940     O ( 1.00)
        Ti            12.00    47.86700     Ti( 1.00)

      8 Sym. Ops. (no inversion) found


                                    s                        frac. trans.

      isym =  1     identity                                     

 cryst.   s( 1) = (     1          0          0      )
                  (     0          1          0      )
                  (     0          0          1      )

 cart.    s( 1) = (  1.0000000  0.0000000  0.0000000 )
                  (  0.0000000  1.0000000  0.0000000 )
                  (  0.0000000  0.0000000  1.0000000 )


      isym =  2     180 deg rotation - cart. axis [0,0,1]        

 cryst.   s( 2) = (    -1          0          0      )
                  (     0         -1          0      )
                  (     0          0          1      )

 cart.    s( 2) = ( -1.0000000  0.0000000  0.0000000 )
                  (  0.0000000 -1.0000000  0.0000000 )
                  (  0.0000000  0.0000000  1.0000000 )


      isym =  3      90 deg rotation - cart. axis [0,0,-1]       

 cryst.   s( 3) = (     0         -1          0      )
                  (     1          0          0      )
                  (     0          0          1      )

 cart.    s( 3) = (  0.0000000  1.0000000  0.0000000 )
                  ( -1.0000000  0.0000000  0.0000000 )
                  (  0.0000000  0.0000000  1.0000000 )


      isym =  4      90 deg rotation - cart. axis [0,0,1]        

 cryst.   s( 4) = (     0          1          0      )
                  (    -1          0          0      )
                  (     0          0          1      )

 cart.    s( 4) = (  0.0000000 -1.0000000  0.0000000 )
                  (  1.0000000  0.0000000  0.0000000 )
                  (  0.0000000  0.0000000  1.0000000 )


      isym =  5     inv. 180 deg rotation - cart. axis [0,1,0]   

 cryst.   s( 5) = (     1          0          0      )
                  (     0         -1          0      )
                  (     0          0          1      )

 cart.    s( 5) = (  1.0000000  0.0000000  0.0000000 )
                  (  0.0000000 -1.0000000  0.0000000 )
                  (  0.0000000  0.0000000  1.0000000 )


      isym =  6     inv. 180 deg rotation - cart. axis [1,0,0]   

 cryst.   s( 6) = (    -1          0          0      )
                  (     0          1          0      )
                  (     0          0          1      )

 cart.    s( 6) = ( -1.0000000  0.0000000  0.0000000 )
                  (  0.0000000  1.0000000  0.0000000 )
                  (  0.0000000  0.0000000  1.0000000 )


      isym =  7     inv. 180 deg rotation - cart. axis [1,1,0]   

 cryst.   s( 7) = (     0         -1          0      )
                  (    -1          0          0      )
                  (     0          0          1      )

 cart.    s( 7) = (  0.0000000 -1.0000000  0.0000000 )
                  ( -1.0000000  0.0000000  0.0000000 )
                  (  0.0000000  0.0000000  1.0000000 )


      isym =  8     inv. 180 deg rotation - cart. axis [1,-1,0]  

 cryst.   s( 8) = (     0          1          0      )
                  (     1          0          0      )
                  (     0          0          1      )

 cart.    s( 8) = (  0.0000000  1.0000000  0.0000000 )
                  (  1.0000000  0.0000000  0.0000000 )
                  (  0.0000000  0.0000000  1.0000000 )


     point group C_4v (4mm) 
     there are  5 classes
     the character table:

       E     2C4   C2    2s_v  2s_d 
A_1    1.00  1.00  1.00  1.00  1.00
A_2    1.00  1.00  1.00 -1.00 -1.00
B_1    1.00 -1.00  1.00  1.00 -1.00
B_2    1.00 -1.00  1.00 -1.00  1.00
E      2.00  0.00 -2.00  0.00  0.00

     the symmetry operations in each class and the name of the first element:

     E        1
          identity                                               
     2C4      3    4
           90 deg rotation - cart. axis [0,0,-1]                 
     C2       2
          180 deg rotation - cart. axis [0,0,1]                  
     2s_v     5    6
          inv. 180 deg rotation - cart. axis [0,1,0]             
     2s_d     7    8
          inv. 180 deg rotation - cart. axis [1,1,0]             

   Cartesian axes

     site n.     atom                  positions (alat units)
         1           Ba  tau(   1) = (   0.0000000   0.0000000   0.0000000  )
         2           Ti  tau(   2) = (   0.5000000   0.5000000   0.4851313  )
         3           O   tau(   3) = (   0.5000000   0.5000000   0.0458767  )
         4           O   tau(   4) = (   0.5000000   0.0000000   0.5540796  )
         5           O   tau(   5) = (   0.0000000   0.5000000   0.5540796  )

   Crystallographic axes

     site n.     atom                  positions (cryst. coord.)
         1           Ba  tau(   1) = (  0.0000000  0.0000000  0.0000000  )
         2           Ti  tau(   2) = (  0.5000000  0.5000000  0.4791420  )
         3           O   tau(   3) = (  0.5000000  0.5000000  0.0453103  )
         4           O   tau(   4) = (  0.5000000  0.0000000  0.5472391  )
         5           O   tau(   5) = (  0.0000000  0.5000000  0.5472391  )

     number of k points=     6
                       cart. coord. in units 2pi/alat
        k(    1) = (   0.0000000   0.0000000   0.0000000), wk =   0.2500000
        k(    2) = (   0.0000000   0.0000000  -0.4938272), wk =   0.2500000
        k(    3) = (   0.0000000  -0.5000000   0.0000000), wk =   0.5000000
        k(    4) = (   0.0000000  -0.5000000  -0.4938272), wk =   0.5000000
        k(    5) = (  -0.5000000  -0.5000000   0.0000000), wk =   0.2500000
        k(    6) = (  -0.5000000  -0.5000000  -0.4938272), wk =   0.2500000

                       cryst. coord.
        k(    1) = (   0.0000000   0.0000000   0.0000000), wk =   0.2500000
        k(    2) = (   0.0000000   0.0000000  -0.5000000), wk =   0.2500000
        k(    3) = (   0.0000000  -0.5000000   0.0000000), wk =   0.5000000
        k(    4) = (   0.0000000  -0.5000000  -0.5000000), wk =   0.5000000
        k(    5) = (  -0.5000000  -0.5000000   0.0000000), wk =   0.2500000
        k(    6) = (  -0.5000000  -0.5000000  -0.5000000), wk =   0.2500000

     Dense  grid:    27457 G-vectors     FFT dimensions: (  40,  40,  40)

     Smooth grid:     9739 G-vectors     FFT dimensions: (  27,  27,  27)

     Largest allocated arrays     est. size (Mb)     dimensions
        Kohn-Sham Wavefunctions         0.06 Mb     (     202,   20)
        NL pseudopotentials             0.25 Mb     (     202,   82)
        Each V/rho on FFT grid          0.17 Mb     (   11200)
        Each G-vector array             0.03 Mb     (    4576)
        G-vector shells                 0.01 Mb     (    1327)
     Largest temporary arrays     est. size (Mb)     dimensions
        Auxiliary wavefunctions         0.25 Mb     (     202,   80)
        Each subspace H/S matrix        0.10 Mb     (      80,   80)
        Each <psi_i|beta_j> matrix      0.03 Mb     (      82,   20)
        Arrays for rho mixing           1.37 Mb     (   11200,    8)

     Check: negative/imaginary core charge=   -0.000022    0.000000

     Initial potential from superposition of free atoms
     Check: negative starting charge=   -0.105110

     starting charge   38.98495, renormalised to   40.00000

     negative rho (up, down):  1.078E-01 0.000E+00
     Starting wfc are   35 randomized atomic wfcs

     total cpu time spent up to now is        0.6 secs

     per-process dynamical memory:    25.8 Mb

     Self-consistent Calculation

     iteration #  1     ecut=    30.00 Ry     beta=0.30
     Davidson diagonalization with overlap
     ethr =  1.00E-02,  avg # of iterations =  1.8

     negative rho (up, down):  1.056E-01 0.000E+00

     total cpu time spent up to now is        0.8 secs

     total energy              =    -286.04961106 Ry
     Harris-Foulkes estimate   =    -286.40576982 Ry
     estimated scf accuracy    <       0.81756068 Ry

     iteration #  2     ecut=    30.00 Ry     beta=0.30
     Davidson diagonalization with overlap
     ethr =  2.04E-03,  avg # of iterations =  4.0

     negative rho (up, down):  1.035E-01 0.000E+00

     total cpu time spent up to now is        1.1 secs

     total energy              =    -286.20323298 Ry
     Harris-Foulkes estimate   =    -286.27733632 Ry
     estimated scf accuracy    <       0.23860686 Ry

     iteration #  3     ecut=    30.00 Ry     beta=0.30
     Davidson diagonalization with overlap
     ethr =  5.97E-04,  avg # of iterations =  3.2

     negative rho (up, down):  1.012E-01 0.000E+00

     total cpu time spent up to now is        1.4 secs

     total energy              =    -286.23592645 Ry
     Harris-Foulkes estimate   =    -286.24297040 Ry
     estimated scf accuracy    <       0.02790915 Ry

     iteration #  4     ecut=    30.00 Ry     beta=0.30
     Davidson diagonalization with overlap
     ethr =  6.98E-05,  avg # of iterations =  2.2

     negative rho (up, down):  9.959E-02 0.000E+00

     total cpu time spent up to now is        1.7 secs

     total energy              =    -286.23772316 Ry
     Harris-Foulkes estimate   =    -286.23810495 Ry
     estimated scf accuracy    <       0.00547610 Ry

     iteration #  5     ecut=    30.00 Ry     beta=0.30
     Davidson diagonalization with overlap
     ethr =  1.37E-05,  avg # of iterations =  3.0

     negative rho (up, down):  9.905E-02 0.000E+00

     total cpu time spent up to now is        1.9 secs

     total energy              =    -286.23853336 Ry
     Harris-Foulkes estimate   =    -286.23890336 Ry
     estimated scf accuracy    <       0.00239595 Ry

     iteration #  6     ecut=    30.00 Ry     beta=0.30
     Davidson diagonalization with overlap
     ethr =  5.99E-06,  avg # of iterations =  2.7

     negative rho (up, down):  9.868E-02 0.000E+00

     total cpu time spent up to now is        2.2 secs

     total energy              =    -286.23867589 Ry
     Harris-Foulkes estimate   =    -286.23873840 Ry
     estimated scf accuracy    <       0.00030591 Ry

     iteration #  7     ecut=    30.00 Ry     beta=0.30
     Davidson diagonalization with overlap
     ethr =  7.65E-07,  avg # of iterations =  3.8

     negative rho (up, down):  9.866E-02 0.000E+00

     total cpu time spent up to now is        2.5 secs

     total energy              =    -286.23873741 Ry
     Harris-Foulkes estimate   =    -286.23889530 Ry
     estimated scf accuracy    <       0.00055355 Ry

     iteration #  8     ecut=    30.00 Ry     beta=0.30
     Davidson diagonalization with overlap
     ethr =  7.65E-07,  avg # of iterations =  3.2

     negative rho (up, down):  9.860E-02 0.000E+00

     total cpu time spent up to now is        2.8 secs

     total energy              =    -286.23880362 Ry
     Harris-Foulkes estimate   =    -286.23880344 Ry
     estimated scf accuracy    <       0.00000488 Ry

     iteration #  9     ecut=    30.00 Ry     beta=0.30
     Davidson diagonalization with overlap
     ethr =  1.22E-08,  avg # of iterations =  3.7

     negative rho (up, down):  9.857E-02 0.000E+00

     total cpu time spent up to now is        3.1 secs

     total energy              =    -286.23880542 Ry
     Harris-Foulkes estimate   =    -286.23880518 Ry
     estimated scf accuracy    <       0.00000053 Ry

     iteration # 10     ecut=    30.00 Ry     beta=0.30
     Davidson diagonalization with overlap
     ethr =  1.33E-09,  avg # of iterations =  3.7

     negative rho (up, down):  9.856E-02 0.000E+00

     total cpu time spent up to now is        3.4 secs

     total energy              =    -286.23880568 Ry
     Harris-Foulkes estimate   =    -286.23880553 Ry
     estimated scf accuracy    <       0.00000004 Ry

     iteration # 11     ecut=    30.00 Ry     beta=0.30
     Davidson diagonalization with overlap
     ethr =  9.88E-11,  avg # of iterations =  2.5

     negative rho (up, down):  9.856E-02 0.000E+00

     total cpu time spent up to now is        3.7 secs

     End of self-consistent calculation

          k = 0.0000 0.0000 0.0000 (  1221 PWs)   bands (ev):

   -46.0949 -22.4543 -22.3276 -22.3276 -14.4581  -6.5691  -5.9369  -5.7172
     0.3430   0.3430   0.3925   8.0103   8.0119   8.0119   8.5529   8.5529
     9.0815   9.5927   9.9189   9.9189

     occupation numbers 
     1.0000   1.0000   1.0000   1.0000   1.0000   1.0000   1.0000   1.0000
     1.0000   1.0000   1.0000   1.0000   1.0000   1.0000   1.0000   1.0000
     1.0000   1.0000   1.0000   1.0000

          k = 0.0000 0.0000-0.4938 (  1230 PWs)   bands (ev):

   -46.0944 -22.4992 -22.3257 -22.3257 -14.3507  -6.6357  -5.8428  -5.6820
     0.4853   0.4853   0.8222   6.1577   7.5106   7.5106   8.0669   8.0669
     8.3422   8.5150   9.7535   9.7535

     occupation numbers 
     1.0000   1.0000   1.0000   1.0000   1.0000   1.0000   1.0000   1.0000
     1.0000   1.0000   1.0000   1.0000   1.0000   1.0000   1.0000   1.0000
     1.0000   1.0000   1.0000   1.0000

          k = 0.0000-0.5000 0.0000 (  1222 PWs)   bands (ev):

   -46.0942 -22.4521 -22.3761 -22.3256 -14.3376  -6.8312  -5.8413  -5.5049
     0.5196   0.5372   0.7312   6.5407   7.4422   7.7285   7.7715   8.4406
     8.6277   8.7816   8.8675   9.1568

     occupation numbers 
     1.0000   1.0000   1.0000   1.0000   1.0000   1.0000   1.0000   1.0000
     1.0000   1.0000   1.0000   1.0000   1.0000   1.0000   1.0000   1.0000
     1.0000   1.0000   1.0000   1.0000

          k = 0.0000-0.5000-0.4938 (  1220 PWs)   bands (ev):

   -46.0937 -22.4954 -22.3728 -22.3237 -14.2712  -6.1438  -5.9798  -5.7253
     0.2675   0.3673   0.7041   6.1027   6.2219   6.7051   7.1277   7.8193
     8.6890   9.4318   9.5059  10.0420

     occupation numbers 
     1.0000   1.0000   1.0000   1.0000   1.0000   1.0000   1.0000   1.0000
     1.0000   1.0000   1.0000   1.0000   1.0000   1.0000   1.0000   1.0000
     1.0000   1.0000   1.0000   1.0000

          k =-0.5000-0.5000 0.0000 (  1196 PWs)   bands (ev):

   -46.0935 -22.4499 -22.3726 -22.3726 -14.2588  -6.3918  -5.7397  -5.7397
     0.2865   0.2865   0.6965   6.1220   6.4973   6.8150   7.6352   7.6352
     8.6006   9.1427   9.1427  10.3434

     occupation numbers 
     1.0000   1.0000   1.0000   1.0000   1.0000   1.0000   1.0000   1.0000
     1.0000   1.0000   1.0000   1.0000   1.0000   1.0000   1.0000   1.0000
     1.0000   1.0000   1.0000   1.0000

          k =-0.5000-0.5000-0.4938 (  1208 PWs)   bands (ev):

   -46.0930 -22.4927 -22.3703 -22.3703 -14.2006  -5.9037  -5.5841  -5.5841
    -0.3319  -0.3319  -0.2902   5.8929   6.6607   6.8300   7.8073   7.8073
     8.0727  10.0812  10.0812  10.3986

     occupation numbers 
     1.0000   1.0000   1.0000   1.0000   1.0000   1.0000   1.0000   1.0000
     1.0000   1.0000   1.0000   1.0000   1.0000   1.0000   1.0000   1.0000
     1.0000   1.0000   1.0000   1.0000

     highest occupied level (ev):    10.3986

!    total energy              =    -286.23880582 Ry
     Harris-Foulkes estimate   =    -286.23880568 Ry
     estimated scf accuracy    <          5.4E-09 Ry

     The total energy is the sum of the following terms:

     one-electron contribution =     -74.26183084 Ry
     hartree contribution      =      61.04771784 Ry
     xc contribution           =     -67.15495499 Ry
     ewald contribution        =    -205.86973783 Ry

     convergence has been achieved in  11 iterations

     Writing output data file aiida.save

     Forces acting on atoms (Ry/au):


     negative rho (up, down):  9.856E-02 0.000E+00
     atom    1 type  1   force =     0.00000000    0.00000000    0.00055663
     atom    2 type  3   force =     0.00000000    0.00000000   -0.00070021
     atom    3 type  2   force =     0.00000000    0.00000000    0.00073775
     atom    4 type  2   force =     0.00000000    0.00000000   -0.00029708
     atom    5 type  2   force =     0.00000000    0.00000000   -0.00029708
     The non-local contrib.  to forces
     atom    1 type  1   force =     0.00000000    0.00000000    0.05783076
     atom    2 type  3   force =     0.00000000    0.00000000   -0.00863882
     atom    3 type  2   force =     0.00000000    0.00000000    0.41030163
     atom    4 type  2   force =     0.00000000    0.00000000   -0.17539115
     atom    5 type  2   force =     0.00000000    0.00000000   -0.17539115
     The ionic contribution  to forces
     atom    1 type  1   force =    -0.00000000   -0.00000000    0.88798498
     atom    2 type  3   force =     0.00000000    0.00000000    2.48556427
     atom    3 type  2   force =     0.00000000    0.00000000   -5.29031433
     atom    4 type  2   force =     0.00000000   -0.00000000    0.95838254
     atom    5 type  2   force =    -0.00000000    0.00000000    0.95838254
     The local contribution  to forces
     atom    1 type  1   force =     0.00000000    0.00000000   -0.94437896
     atom    2 type  3   force =     0.00000000    0.00000000   -2.48581093
     atom    3 type  2   force =     0.00000000    0.00000000    4.88071757
     atom    4 type  2   force =     0.00000000    0.00000000   -0.78460287
     atom    5 type  2   force =     0.00000000    0.00000000   -0.78460287
     The core correction contribution to forces
     atom    1 type  1   force =    -0.00000000   -0.00000000   -0.00090567
     atom    2 type  3   force =    -0.00000000   -0.00000000    0.00824095
     atom    3 type  2   force =     0.00000000    0.00000000    0.00000854
     atom    4 type  2   force =    -0.00000000    0.00000000    0.00135841
     atom    5 type  2   force =     0.00000000   -0.00000000    0.00135841
     The Hubbard contrib.    to forces
     atom    1 type  1   force =     0.00000000    0.00000000    0.00000000
     atom    2 type  3   force =     0.00000000    0.00000000    0.00000000
     atom    3 type  2   force =     0.00000000    0.00000000    0.00000000
     atom    4 type  2   force =     0.00000000    0.00000000    0.00000000
     atom    5 type  2   force =     0.00000000    0.00000000    0.00000000
     The SCF correction term to forces
     atom    1 type  1   force =     0.00000000    0.00000000    0.00000000
     atom    2 type  3   force =     0.00000000    0.00000000   -0.00004823
     atom    3 type  2   force =     0.00000000    0.00000000    0.00003180
     atom    4 type  2   force =     0.00000000    0.00000000   -0.00003654
     atom    5 type  2   force =     0.00000000    0.00000000   -0.00003654

     Total force =     0.001100     Total SCF correction =     0.000078
